custom_id,dataset,item_id,condition,temp,sample_index,type,request_id,finish_reason,response_text,prompt_tokens,completion_tokens,total_tokens
datasetA|123|control|0.0|0|open,datasetA,123,control,0.0,0,open,resp-control,completed,Control answer.,12,24,36
datasetA|123|treatment|0.0|0|open,datasetA,123,treatment,0.0,0,open,resp-treatment,completed,Treatment answer.,11,30,41
