custom_id,dataset,item_id,condition,temp,sample_index,type,request_id,finish_reason,response_text,prompt_tokens,completion_tokens,total_tokens
datasetA|123|control|0.0|0|open,datasetA,123,control,0.0,0,open,anth-control,end_turn,Anthropic control answer.,10,12,22
datasetA|123|treatment|0.0|0|open,datasetA,123,treatment,0.0,0,open,anth-treatment,end_turn,Anthropic treatment answer.,9,16,25
